[    0.000000] Initializing cgroup subsys cpuset
[    0.000000] Initializing cgroup subsys cpu
[    0.000000] Initializing cgroup subsys cpuacct
[    0.000000] Linux version 4.4.0-165-generic (buildd@lgw01-amd64-027) (gcc version 5.4.0 20160609 (Ubuntu 5.4.0-6ubuntu1~16.04.10) ) #193-Ubuntu SMP Tue Sep 17 17:42:52 UTC 2019 (Ubuntu 4.4.0-165.193-generic 4.4.189)
[    0.000000] Command line: BOOT_IMAGE=/boot/vmlinuz-4.4.0-165-generic root=LABEL=cloudimg-rootfs ro console=tty1 console=ttyS0
[    0.000000] KERNEL supported cpus:
[    0.000000]   Intel GenuineIntel
[    0.000000]   AMD AuthenticAMD
[    0.000000]   Centaur CentaurHauls
[    0.000000] x86/fpu: xstate_offset[2]:  576, xstate_sizes[2]:  256
[    0.000000] x86/fpu: Supporting XSAVE feature 0x01: 'x87 floating point registers'
[    0.000000] x86/fpu: Supporting XSAVE feature 0x02: 'SSE registers'
[    0.000000] x86/fpu: Supporting XSAVE feature 0x04: 'AVX registers'
[    0.000000] x86/fpu: Enabled xstate features 0x7, context size is 832 bytes, using 'standard' format.
[    0.000000] e820: BIOS-provided physical RAM map:
[    0.000000] BIOS-e820: [mem 0x0000000000000000-0x000000000009fbff] usable
[    0.000000] BIOS-e820: [mem 0x000000000009fc00-0x000000000009ffff] reserved
[    0.000000] BIOS-e820: [mem 0x00000000000f0000-0x00000000000fffff] reserved
[    0.000000] BIOS-e820: [mem 0x0000000000100000-0x000000003ffeffff] usable
[    0.000000] BIOS-e820: [mem 0x000000003fff0000-0x000000003fffffff] ACPI data
[    0.000000] BIOS-e820: [mem 0x00000000fec00000-0x00000000fec00fff] reserved
[    0.000000] BIOS-e820: [mem 0x00000000fee00000-0x00000000fee00fff] reserved
[    0.000000] BIOS-e820: [mem 0x00000000fffc0000-0x00000000ffffffff] reserved
[    0.000000] NX (Execute Disable) protection: active
[    0.000000] SMBIOS 2.5 present.
[    0.000000] Hypervisor detected: KVM
[    0.000000] Kernel/User page tables isolation: disabled
[    0.000000] e820: last_pfn = 0x3fff0 max_arch_pfn = 0x400000000
[    0.000000] MTRR: Disabled
[    0.000000] x86/PAT: MTRRs disabled, skipping PAT initialization too.
[    0.000000] CPU MTRRs all blank - virtualized system.
[    0.000000] x86/PAT: Configuration [0-7]: WB  WT  UC- UC  WB  WT  UC- UC  
[    0.000000] found SMP MP-table at [mem 0x0009fff0-0x0009ffff] mapped at [ffff88000009fff0]
[    0.000000] Scanning 1 areas for low memory corruption
[    0.000000] RAMDISK: [mem 0x362fa000-0x37174fff]
[    0.000000] ACPI: Early table checksum verification disabled
[    0.000000] ACPI: RSDP 0x00000000000E0000 000024 (v02 VBOX  )
[    0.000000] ACPI: XSDT 0x000000003FFF0030 00003C (v01 VBOX   VBOXXSDT 00000001 ASL  00000061)
[    0.000000] ACPI: FACP 0x000000003FFF00F0 0000F4 (v04 VBOX   VBOXFACP 00000001 ASL  00000061)
[    0.000000] ACPI: DSDT 0x000000003FFF0470 0022EA (v02 VBOX   VBOXBIOS 00000002 INTL 20100528)
[    0.000000] ACPI: FACS 0x000000003FFF0200 000040
[    0.000000] ACPI: FACS 0x000000003FFF0200 000040
[    0.000000] ACPI: APIC 0x000000003FFF0240 00005C (v02 VBOX   VBOXAPIC 00000001 ASL  00000061)
[    0.000000] ACPI: SSDT 0x000000003FFF02A0 0001CC (v01 VBOX   VBOXCPUT 00000002 INTL 20100528)
[    0.000000] No NUMA configuration found
[    0.000000] Faking a node at [mem 0x0000000000000000-0x000000003ffeffff]
[    0.000000] NODE_DATA(0) allocated [mem 0x3ffeb000-0x3ffeffff]
[    0.000000] kvm-clock: Using msrs 4b564d01 and 4b564d00
[    0.000000] kvm-clock: cpu 0, msr 0:3ffe3001, primary cpu clock
[    0.000000] kvm-clock: using sched offset of 3529487476 cycles
[    0.000000] clocksource: kvm-clock: mask: 0xffffffffffffffff max_cycles: 0x1cd42e4dffb, max_idle_ns: 881590591483 ns
[    0.000000] Zone ranges:
[    0.000000]   DMA      [mem 0x0000000000001000-0x0000000000ffffff]
[    0.000000]   DMA32    [mem 0x0000000001000000-0x000000003ffeffff]
[    0.000000]   Normal   empty
[    0.000000]   Device   empty
[    0.000000] Movable zone start for each node
[    0.000000] Early memory node ranges
[    0.000000]   node   0: [mem 0x0000000000001000-0x000000000009efff]
[    0.000000]   node   0: [mem 0x0000000000100000-0x000000003ffeffff]
[    0.000000] Initmem setup node 0 [mem 0x0000000000001000-0x000000003ffeffff]
[    0.000000] ACPI: PM-Timer IO Port: 0x4008
[    0.000000] IOAPIC[0]: apic_id 2, version 32, address 0xfec00000, GSI 0-23
[    0.000000] ACPI: INT_SRC_OVR (bus 0 bus_irq 0 global_irq 2 dfl dfl)
[    0.000000] ACPI: INT_SRC_OVR (bus 0 bus_irq 9 global_irq 9 low level)
[    0.000000] Using ACPI (MADT) for SMP configuration information
[    0.000000] smpboot: Allowing 2 CPUs, 0 hotplug CPUs
[    0.000000] PM: Registered nosave memory: [mem 0x00000000-0x00000fff]
[    0.000000] PM: Registered nosave memory: [mem 0x0009f000-0x0009ffff]
[    0.000000] PM: Registered nosave memory: [mem 0x000a0000-0x000effff]
[    0.000000] PM: Registered nosave memory: [mem 0x000f0000-0x000fffff]
[    0.000000] e820: [mem 0x40000000-0xfebfffff] available for PCI devices
[    0.000000] Booting paravirtualized kernel on KVM
[    0.000000] clocksource: refined-jiffies: mask: 0xffffffff max_cycles: 0xffffffff, max_idle_ns: 7645519600211568 ns
[    0.000000] setup_percpu: NR_CPUS:512 nr_cpumask_bits:512 nr_cpu_ids:2 nr_node_ids:1
[    0.000000] PERCPU: Embedded 34 pages/cpu @ffff88003fc00000 s99544 r8192 d31528 u1048576
[    0.000000] Built 1 zonelists in Node order, mobility grouping on.  Total pages: 257912
[    0.000000] Policy zone: DMA32
[    0.000000] Kernel command line: BOOT_IMAGE=/boot/vmlinuz-4.4.0-165-generic root=LABEL=cloudimg-rootfs ro console=tty1 console=ttyS0
[    0.000000] PID hash table entries: 4096 (order: 3, 32768 bytes)
[    0.000000] Memory: 997732K/1048120K available (8621K kernel code, 1335K rwdata, 4032K rodata, 1484K init, 1284K bss, 50388K reserved, 0K cma-reserved)
[    0.000000] SLUB: HWalign=64, Order=0-3, MinObjects=0, CPUs=2, Nodes=1
[    0.000000] Hierarchical RCU implementation.
[    0.000000] 	Build-time adjustment of leaf fanout to 64.
[    0.000000] 	RCU restricting CPUs from NR_CPUS=512 to nr_cpu_ids=2.
[    0.000000] RCU: Adjusting geometry for rcu_fanout_leaf=64, nr_cpu_ids=2
[    0.000000] NR_IRQS:33024 nr_irqs:440 16
[    0.000000] Console: colour VGA+ 80x25
[    0.000000] console [tty1] enabled
[    0.000000] console [ttyS0] enabled
[    0.000000] tsc: Detected 1992.002 MHz processor
[    0.121857] Calibrating delay loop (skipped) preset value.. 3984.00 BogoMIPS (lpj=7968008)
[    0.123059] pid_max: default: 32768 minimum: 301
[    0.123763] ACPI: Core revision 20150930
[    0.124977] ACPI: 2 ACPI AML tables successfully acquired and loaded
[    0.125963] Security Framework initialized
[    0.126574] Yama: becoming mindful.
[    0.127094] AppArmor: AppArmor initialized
[    0.127752] Dentry cache hash table entries: 131072 (order: 8, 1048576 bytes)
[    0.128926] Inode-cache hash table entries: 65536 (order: 7, 524288 bytes)
[    0.136665] Mount-cache hash table entries: 2048 (order: 2, 16384 bytes)
[    0.137775] Mountpoint-cache hash table entries: 2048 (order: 2, 16384 bytes)
[    0.139168] Initializing cgroup subsys io
[    0.139899] Initializing cgroup subsys memory
[    0.140900] Initializing cgroup subsys devices
[    0.141629] Initializing cgroup subsys freezer
[    0.142363] Initializing cgroup subsys net_cls
[    0.143051] Initializing cgroup subsys perf_event
[    0.143683] Initializing cgroup subsys net_prio
[    0.144385] Initializing cgroup subsys hugetlb
[    0.145071] Initializing cgroup subsys pids
[    0.146695] mce: CPU supports 0 MCE banks
[    0.147370] Last level iTLB entries: 4KB 64, 2MB 8, 4MB 8
[    0.148111] Last level dTLB entries: 4KB 64, 2MB 0, 4MB 0, 1GB 4
[    0.148903] Spectre V1 : Mitigation: usercopy/swapgs barriers and __user pointer sanitization
[    0.150125] Spectre V2 : Mitigation: Enhanced IBRS
[    0.150811] Spectre V2 : Spectre v2 / SpectreRSB mitigation: Filling RSB on context switch
[    0.152030] Speculative Store Bypass: Vulnerable
[    0.154901] Freeing SMP alternatives memory: 36K
[    0.160124] ftrace: allocating 32318 entries in 127 pages
[    0.196647] smpboot: APIC(0) Converting physical 0 to logical package 0
[    0.197854] smpboot: Max logical packages: 1
[    0.198750] x2apic enabled
[    0.199413] Switched APIC routing to physical x2apic.
[    0.201181] ..TIMER: vector=0x30 apic1=0 pin1=2 apic2=-1 pin2=-1
[    0.309550] smpboot: CPU0: Intel(R) Core(TM) i7-8565U CPU @ 1.80GHz (family: 0x6, model: 0x8e, stepping: 0xc)
[    0.311372] Performance Events: unsupported p6 CPU model 142 no PMU driver, software events only.
[    0.318861] KVM setup paravirtual spinlock
[    0.320065] x86: Booting SMP configuration:
[    0.320830] .... node  #0, CPUs:      #1
[    0.321769] kvm-clock: cpu 1, msr 0:3ffe3041, secondary cpu clock
[    0.323752] mce: CPU supports 0 MCE banks
[    0.326316] x86: Booted up 1 node, 2 CPUs
[    0.327294] smpboot: Total of 2 processors activated (7968.00 BogoMIPS)
[    0.328786] devtmpfs: initialized
[    0.331574] evm: security.selinux
[    0.332269] evm: security.SMACK64
[    0.332844] evm: security.SMACK64EXEC
[    0.333542] evm: security.SMACK64TRANSMUTE
[    0.334407] evm: security.SMACK64MMAP
[    0.335163] evm: security.ima
[    0.335889] evm: security.capability
[    0.336841] clocksource: jiffies: mask: 0xffffffff max_cycles: 0xffffffff, max_idle_ns: 7645041785100000 ns
[    0.338469] futex hash table entries: 512 (order: 3, 32768 bytes)
[    0.339418] pinctrl core: initialized pinctrl subsystem
[    0.340225] RTC time:  9:37:45, date: 10/11/19
[    0.347905] NET: Registered protocol family 16
[    0.358414] cpuidle: using governor ladder
[    0.370886] cpuidle: using governor menu
[    0.371734] PCCT header not found.
[    0.372511] ACPI: bus type PCI registered
[    0.373259] acpiphp: ACPI Hot Plug PCI Controller Driver version: 0.5
[    0.374388] PCI: Using configuration type 1 for base access
[    0.388050] ACPI: Added _OSI(Module Device)
[    0.388952] ACPI: Added _OSI(Processor Device)
[    0.389975] ACPI: Added _OSI(3.0 _SCP Extensions)
[    0.390797] ACPI: Added _OSI(Processor Aggregator Device)
[    0.392068] ACPI: Executed 1 blocks of module-level executable AML code
[    0.394752] ACPI: Interpreter enabled
[    0.395425] ACPI: (supports S0 S5)
[    0.396096] ACPI: Using IOAPIC for interrupt routing
[    0.397101] PCI: Using host bridge windows from ACPI; if necessary, use "pci=nocrs" and report a bug
[    0.401112] ACPI: PCI Root Bridge [PCI0] (domain 0000 [bus 00-ff])
[    0.402206] acpi PNP0A03:00: _OSC: OS supports [ASPM ClockPM Segments MSI]
[    0.403608] acpi PNP0A03:00: _OSC: not requesting OS control; OS requires [ExtendedConfig ASPM ClockPM MSI]
[    0.405338] acpi PNP0A03:00: fail to add MMCONFIG information, can't access extended PCI configuration space under this bridge.
[    0.407645] PCI host bridge to bus 0000:00
[    0.408224] pci_bus 0000:00: root bus resource [io  0x0000-0x0cf7 window]
[    0.409159] pci_bus 0000:00: root bus resource [io  0x0d00-0xffff window]
[    0.410071] pci_bus 0000:00: root bus resource [mem 0x000a0000-0x000bffff window]
[    0.411262] pci_bus 0000:00: root bus resource [mem 0x40000000-0xfdffffff window]
[    0.412399] pci_bus 0000:00: root bus resource [bus 00-ff]
[    0.414452] pci 0000:00:01.1: legacy IDE quirk: reg 0x10: [io  0x01f0-0x01f7]
[    0.415361] pci 0000:00:01.1: legacy IDE quirk: reg 0x14: [io  0x03f6]
[    0.416255] pci 0000:00:01.1: legacy IDE quirk: reg 0x18: [io  0x0170-0x0177]
[    0.417215] pci 0000:00:01.1: legacy IDE quirk: reg 0x1c: [io  0x0376]
[    0.427886] pci 0000:00:07.0: quirk: [io  0x4000-0x403f] claimed by PIIX4 ACPI
[    0.436773] pci 0000:00:07.0: quirk: [io  0x4100-0x410f] claimed by PIIX4 SMB
[    0.440852] ACPI: PCI Interrupt Link [LNKA] (IRQs 5 9 10 *11)
[    0.442471] ACPI: PCI Interrupt Link [LNKB] (IRQs 5 9 *10 11)
[    0.443886] ACPI: PCI Interrupt Link [LNKC] (IRQs 5 *9 10 11)
[    0.444989] ACPI: PCI Interrupt Link [LNKD] (IRQs 5 9 10 *11)
[    0.446149] ACPI: Enabled 2 GPEs in block 00 to 07
[    0.447111] vgaarb: setting as boot device: PCI:0000:00:02.0
[    0.447901] vgaarb: device added: PCI:0000:00:02.0,decodes=io+mem,owns=io+mem,locks=none
[    0.449112] vgaarb: loaded
[    0.449600] vgaarb: bridge control possible 0000:00:02.0
[    0.450518] SCSI subsystem initialized
[    0.451193] ACPI: bus type USB registered
[    0.451792] usbcore: registered new interface driver usbfs
[    0.452642] usbcore: registered new interface driver hub
[    0.453435] usbcore: registered new device driver usb
[    0.454424] PCI: Using ACPI for IRQ routing
[    0.455281] NetLabel: Initializing
[    0.455792] NetLabel:  domain hash size = 128
[    0.456476] NetLabel:  protocols = UNLABELED CIPSOv4
[    0.457207] NetLabel:  unlabeled traffic allowed by default
[    0.458034] amd_nb: Cannot enumerate AMD northbridges
[    0.458775] clocksource: Switched to clocksource kvm-clock
[    0.475595] AppArmor: AppArmor Filesystem Enabled
[    0.476630] pnp: PnP ACPI init
[    0.477762] pnp: PnP ACPI: found 3 devices
[    0.487304] clocksource: acpi_pm: mask: 0xffffff max_cycles: 0xffffff, max_idle_ns: 2085701024 ns
[    0.489051] NET: Registered protocol family 2
[    0.490153] TCP established hash table entries: 8192 (order: 4, 65536 bytes)
[    0.491330] TCP bind hash table entries: 8192 (order: 5, 131072 bytes)
[    0.492438] TCP: Hash tables configured (established 8192 bind 8192)
[    0.493629] UDP hash table entries: 512 (order: 2, 16384 bytes)
[    0.494703] UDP-Lite hash table entries: 512 (order: 2, 16384 bytes)
[    0.495948] NET: Registered protocol family 1
[    0.496793] pci 0000:00:00.0: Limiting direct PCI/PCI transfers
[    0.498519] pci 0000:00:01.0: Activating ISA DMA hang workarounds
[    0.506024] Unpacking initramfs...
[    0.944776] Freeing initrd memory: 14828K
[    0.946312] clocksource: tsc: mask: 0xffffffffffffffff max_cycles: 0x396d566cf43, max_idle_ns: 881590760263 ns
[    0.949075] platform rtc_cmos: registered platform RTC device (no PNP device found)
[    0.951082] Scanning for low memory corruption every 60 seconds
[    0.952868] audit: initializing netlink subsys (disabled)
[    0.953852] audit: type=2000 audit(1570786671.581:1): initialized
[    0.954851] Initialise system trusted keyring
[    0.955758] HugeTLB registered 2 MB page size, pre-allocated 0 pages
[    0.957477] zbud: loaded
[    0.958204] VFS: Disk quotas dquot_6.6.0
[    0.958936] VFS: Dquot-cache hash table entries: 512 (order 0, 4096 bytes)
[    0.960039] squashfs: version 4.0 (2009/01/31) Phillip Lougher
[    0.961105] fuse init (API version 7.23)
[    0.961981] Key type big_key registered
[    0.962551] Allocating IMA MOK and blacklist keyrings.
[    0.967587] Key type asymmetric registered
[    0.968449] Asymmetric key parser 'x509' registered
[    0.969563] Block layer SCSI generic (bsg) driver version 0.4 loaded (major 249)
[    0.971049] io scheduler noop registered
[    0.971731] io scheduler deadline registered (default)
[    0.972591] io scheduler cfq registered
[    0.973306] pci_hotplug: PCI Hot Plug PCI Core version: 0.5
[    0.974203] pciehp: PCI Express Hot Plug Controller Driver version: 0.4
[    0.975534] ACPI: AC Adapter [AC] (on-line)
[    0.976264] input: Power Button as /devices/LNXSYSTM:00/LNXPWRBN:00/input/input0
[    0.977574] ACPI: Power Button [PWRF]
[    0.978258] input: Sleep Button as /devices/LNXSYSTM:00/LNXSLPBN:00/input/input1
[    0.979608] ACPI: Sleep Button [SLPF]
[    0.980513] GHES: HEST is not enabled!
[    0.981125] ACPI: Battery Slot [BAT0] (battery present)
[    0.982781] Serial: 8250/16550 driver, 32 ports, IRQ sharing enabled
[    1.004053] 00:02: ttyS0 at I/O 0x3f8 (irq = 4, base_baud = 115200) is a 16550A
[    1.007449] Linux agpgart interface v0.103
[    1.009582] loop: module loaded
[    1.010564] scsi host0: ata_piix
[    1.011512] scsi host1: ata_piix
[    1.012242] ata1: PATA max UDMA/33 cmd 0x1f0 ctl 0x3f6 bmdma 0xd000 irq 14
[    1.013503] ata2: PATA max UDMA/33 cmd 0x170 ctl 0x376 bmdma 0xd008 irq 15
[    1.014962] libphy: Fixed MDIO Bus: probed
[    1.015934] tun: Universal TUN/TAP device driver, 1.6
[    1.016967] tun: (C) 1999-2004 Max Krasnyansky <maxk@qualcomm.com>
[    1.018472] PPP generic driver version 2.4.2
[    1.019317] ehci_hcd: USB 2.0 'Enhanced' Host Controller (EHCI) Driver
[    1.020161] ehci-pci: EHCI PCI platform driver
[    1.020856] ehci-platform: EHCI generic platform driver
[    1.021623] ohci_hcd: USB 1.1 'Open' Host Controller (OHCI) Driver
[    1.022481] ohci-pci: OHCI PCI platform driver
[    1.023159] ohci-platform: OHCI generic platform driver
[    1.023927] uhci_hcd: USB Universal Host Controller Interface driver
[    1.024794] i8042: PNP: PS/2 Controller [PNP0303:PS2K,PNP0f03:PS2M] at 0x60,0x64 irq 1,12
[    1.026352] serio: i8042 KBD port at 0x60,0x64 irq 1
[    1.027014] serio: i8042 AUX port at 0x60,0x64 irq 12
[    1.028011] mousedev: PS/2 mouse device common for all mice
[    1.029253] input: AT Translated Set 2 keyboard as /devices/platform/i8042/serio0/input/input2
[    1.030895] rtc_cmos rtc_cmos: rtc core: registered rtc_cmos as rtc0
[    1.032207] rtc_cmos rtc_cmos: alarms up to one day, 114 bytes nvram
[    1.033275] i2c /dev entries driver
[    1.033861] device-mapper: uevent: version 1.0.3
[    1.034674] device-mapper: ioctl: 4.34.0-ioctl (2015-10-28) initialised: dm-devel@redhat.com
[    1.035981] ledtrig-cpu: registered to indicate activity on CPUs
[    1.037193] NET: Registered protocol family 10
[    1.038104] NET: Registered protocol family 17
[    1.038735] Key type dns_resolver registered
[    1.039738] registered taskstats version 1
[    1.040386] Loading compiled-in X.509 certificates
[    1.041444] Loaded X.509 cert 'Build time autogenerated kernel key: 0ed82eac04367aa6426493b1389455ebf6830eaa'
[    1.043026] zswap: loaded using pool lzo/zbud
[    1.044939] Key type trusted registered
[    1.047353] Key type encrypted registered
[    1.048064] AppArmor: AppArmor sha1 policy hashing enabled
[    1.048811] ima: No TPM chip found, activating TPM-bypass!
[    1.049667] ima: Allocated hash algorithm: sha1
[    1.050390] evm: HMAC attrs: 0x1
[    1.051356]   Magic number: 7:385:626
[    1.052161] rtc_cmos rtc_cmos: setting system clock to 2019-10-11 09:37:46 UTC (1570786666)
[    1.053867] BIOS EDD facility v0.16 2004-Jun-25, 0 devices found
[    1.054816] EDD information not available.
[    1.182234] Freeing unused kernel memory: 1484K
[    1.185817] Write protecting the kernel read-only data: 14336k
[    1.191612] Freeing unused kernel memory: 1608K
[    1.195645] Freeing unused kernel memory: 64K
Loading, please wait...
starting version 229
[    1.216836] random: systemd-udevd: uninitialized urandom read (16 bytes read, 1 bits of entropy available)
[    1.217423] random: udevadm: uninitialized urandom read (16 bytes read, 1 bits of entropy available)
[    1.217439] random: udevadm: uninitialized urandom read (16 bytes read, 1 bits of entropy available)
[    1.223253] random: udevadm: uninitialized urandom read (16 bytes read, 1 bits of entropy available)
[    1.223281] random: udevadm: uninitialized urandom read (16 bytes read, 1 bits of entropy available)
[    1.223387] random: udevadm: uninitialized urandom read (16 bytes read, 1 bits of entropy available)
[    1.223421] random: udevadm: uninitialized urandom read (16 bytes read, 1 bits of entropy available)
[    1.223453] random: udevadm: uninitialized urandom read (16 bytes read, 1 bits of entropy available)
[    1.223485] random: udevadm: uninitialized urandom read (16 bytes read, 1 bits of entropy available)
[    1.223518] random: udevadm: uninitialized urandom read (16 bytes read, 1 bits of entropy available)
[    1.251266] e1000: Intel(R) PRO/1000 Network Driver - version 7.3.21-k8-NAPI
[    1.252888] e1000: Copyright (c) 1999-2006 Intel Corporation.
[    1.253916] Fusion MPT base driver 3.04.20
[    1.254728] Copyright (c) 1999-2008 LSI Corporation
[    1.259048] Fusion MPT SPI Host driver 3.04.20
[    1.269554] AVX2 version of gcm_enc/dec engaged.
[    1.270469] AES CTR mode by8 optimization enabled
[    1.461078] input: ImExPS/2 Generic Explorer Mouse as /devices/platform/i8042/serio1/input/input4
[    1.604888] e1000 0000:00:03.0 eth0: (PCI:33MHz:32-bit) 02:0e:9b:2d:5b:92
[    1.607301] e1000 0000:00:03.0 eth0: Intel(R) PRO/1000 Network Connection
[    1.610125] mptbase: ioc0: Initiating bringup
[    1.612230] e1000 0000:00:03.0 enp0s3: renamed from eth0
[    1.691528] ioc0: LSI53C1030 A0: Capabilities={Initiator}
[    2.959648] scsi host2: ioc0: LSI53C1030 A0, FwRev=00000000h, Ports=1, MaxQ=256, IRQ=20
[    3.469698] scsi 2:0:0:0: Direct-Access     VBOX     HARDDISK         1.0  PQ: 0 ANSI: 5
[    3.472847] scsi target2:0:0: Beginning Domain Validation
[    3.475609] scsi target2:0:0: Domain Validation skipping write tests
[    3.477153] scsi target2:0:0: Ending Domain Validation
[    3.478295] scsi target2:0:0: asynchronous
[    3.479793] scsi 2:0:1:0: Direct-Access     VBOX     HARDDISK         1.0  PQ: 0 ANSI: 5
[    3.481632] scsi target2:0:1: Beginning Domain Validation
[    3.483570] scsi target2:0:1: Domain Validation skipping write tests
[    3.484680] scsi target2:0:1: Ending Domain Validation
[    3.485612] scsi target2:0:1: asynchronous
[    3.495509] sd 2:0:0:0: [sda] 20971520 512-byte logical blocks: (10.7 GB/10.0 GiB)
[    3.495675] sd 2:0:0:0: Attached scsi generic sg0 type 0
[    3.505444] sd 2:0:1:0: Attached scsi generic sg1 type 0
[    3.505898] sd 2:0:1:0: [sdb] 20480 512-byte logical blocks: (10.5 MB/10.0 MiB)
[    3.506318] sd 2:0:1:0: [sdb] Write Protect is off
[    3.506593] sd 2:0:1:0: [sdb] Incomplete mode parameter data
[    3.506594] sd 2:0:1:0: [sdb] Assuming drive cache: write through
[    3.509497] sd 2:0:1:0: [sdb] Attached SCSI disk
[    3.514163] sd 2:0:0:0: [sda] Write Protect is off
[    3.515286] sd 2:0:0:0: [sda] Incomplete mode parameter data
[    3.516283] sd 2:0:0:0: [sda] Assuming drive cache: write through
[    3.519232]  sda: sda1
[    3.520777] sd 2:0:0:0: [sda] Attached SCSI disk
Begin: Loading essential drivers ... [    4.802074] md: linear personality registered for level -1
[    4.804662] md: multipath personality registered for level -4
[    4.807451] md: raid0 personality registered for level 0
[    4.810686] md: raid1 personality registered for level 1
[    4.878941] raid6: sse2x1   gen() 12271 MB/s
[    4.947292] raid6: sse2x1   xor()  8812 MB/s
[    5.015565] raid6: sse2x2   gen() 16897 MB/s
[    5.082996] raid6: sse2x2   xor()  9892 MB/s
[    5.151263] raid6: sse2x4   gen() 19674 MB/s
[    5.219135] raid6: sse2x4   xor() 10906 MB/s
[    5.287459] raid6: avx2x1   gen() 23416 MB/s
[    5.354803] raid6: avx2x2   gen() 30914 MB/s
[    5.423139] raid6: avx2x4   gen() 34702 MB/s
[    5.424143] raid6: using algorithm avx2x4 gen() 34702 MB/s
[    5.425156] raid6: using avx2x2 recovery algorithm
[    5.427228] xor: automatically using best checksumming function:
[    5.466807]    avx       : 30070.000 MB/sec
[    5.468620] async_tx: api initialized (async)
[    5.476856] md: raid6 personality registered for level 6
[    5.477922] md: raid5 personality registered for level 5
[    5.478832] md: raid4 personality registered for level 4
[    5.484388] md: raid10 personality registered for level 10
done.
Begin: Running /scripts/init-premount ... done.
Begin: Mounting root file system ... Begin: Running /scripts/local-top ... done.
Begin: Running /scripts/local-premount ... [    5.505289] Btrfs loaded
Scanning for Btrfs filesystems
done.
Warning: fsck not present, so skipping root file system
[    5.533883] EXT4-fs (sda1): mounted filesystem with ordered data mode. Opts: (null)
done.
Begin: Running /scripts/local-bottom ... done.
Begin: Running /scripts/init-bottom ... done.
[    5.617049] systemd[1]: systemd 229 running in system mode. (+PAM +AUDIT +SELINUX +IMA +APPARMOR +SMACK +SYSVINIT +UTMP +LIBCRYPTSETUP +GCRYPT +GNUTLS +ACL +XZ -LZ4 +SECCOMP +BLKID +ELFUTILS +KMOD -IDN)
[    5.621007] systemd[1]: Detected virtualization oracle.
[    5.621787] systemd[1]: Detected architecture x86-64.

Welcome to [1mUbuntu 16.04.6 LTS[0m!

[    5.624486] systemd[1]: Set hostname to <ubuntu>.
[    5.626826] systemd[1]: Initializing machine ID from random generator.
[    5.627750] systemd[1]: Installed transient /etc/machine-id file.
[    5.735026] systemd[1]: Created slice System Slice.
[[0;32m  OK  [0m] Created slice System Slice.
[    5.742884] systemd[1]: Reached target System Time Synchronized.
[[0;32m  OK  [0m] Reached target System Time Synchronized.
[    5.744920] systemd[1]: Set up automount Arbitrary Executable File Formats File System Automount Point.
[[0;32m  OK  [0m] Set up automount Arbitrary Executab...ats File System Automount Point.
[    5.747205] systemd[1]: Listening on udev Kernel Socket.
[[0;32m  OK  [0m] Listening on udev Kernel Socket.
[    5.748632] systemd[1]: Listening on Journal Socket (/dev/log).
[[0;32m  OK  [0m] Listening on Journal Socket (/dev/log).
[    5.750089] systemd[1]: Listening on LVM2 poll daemon socket.
[[0;32m  OK  [0m] Listening on LVM2 poll daemon socket.
[    5.751675] systemd[1]: Listening on udev Control Socket.
[[0;32m  OK  [0m] Listening on udev Control Socket.
[    5.753265] systemd[1]: Created slice User and Session Slice.
[[0;32m  OK  [0m] Created slice User and Session Slice.
[    5.754991] systemd[1]: Created slice system-serial\x2dgetty.slice.
[[0;32m  OK  [0m] Created slice system-serial\x2dgetty.slice.
[    5.756607] systemd[1]: Reached target Slices.
[[0;32m  OK  [0m] Reached target Slices.
[    5.757892] systemd[1]: Reached target Encrypted Volumes.
[[0;32m  OK  [0m] Reached target Encrypted Volumes.
[    5.759370] systemd[1]: Listening on LVM2 metadata daemon socket.
[[0;32m  OK  [0m] Listening on LVM2 metadata daemon socket.
[    5.760992] systemd[1]: Listening on Journal Socket.
[[0;32m  OK  [0m] Listening on Journal Socket.
[    5.775189] systemd[1]: Mounting Debug File System...
         Mounting Debug File System...
[    5.777878] systemd[1]: Starting Create list of required static device nodes for the current kernel...
         Starting Create list of required st... nodes for the current kernel...
[    5.781260] systemd[1]: Mounting POSIX Message Queue File System...
         Mounting POSIX Message Queue File System...
[    5.791997] systemd[1]: Starting Set console keymap...
         Starting Set console keymap...
[    5.793894] systemd[1]: Starting Remount Root and Kernel File Systems...
         Starting Remount Root and Kernel File Systems...
[    5.796955] EXT4-fs (sda1): re-mounted. Opts: (null)
[    5.803248] systemd[1]: Mounting Huge Pages File System...
         Mounting Huge Pages File System...
[    5.811956] systemd[1]: Starting Uncomplicated firewall...
         Starting Uncomplicated firewall...
[    5.815015] systemd[1]: Starting Load Kernel Modules...
         Starting Load Kernel Modules...
[    5.816722] systemd[1]: Listening on Journal Audit Socket.
[[0;32m  OK  [0m] Listening on Journal Audit Socket.
[    5.819213] systemd[1]: Listening on /dev/initctl Compatibility Named Pipe.
[[0;32m  OK  [0m] Listening on /dev/initctl Compatibility Named Pipe.
[    5.824458] Loading iSCSI transport class v2.0-870.
[    5.829300] iscsi: registered transport (tcp)
[    5.831146] systemd[1]: Listening on Syslog Socket.
[[0;32m  OK  [0m] Listening on Syslog Socket.
[    5.846530] iscsi: registered transport (iser)
[    5.851374] systemd[1]: Starting Journal Service...
         Starting Journal Service...
[    5.852997] systemd[1]: Reached target User and Group Name Lookups.
[[0;32m  OK  [0m] Reached target User and Group Name Lookups.
[    5.855025] systemd[1]: Started Forward Password Requests to Wall Directory Watch.
[[0;32m  OK  [0m] Started Forward Password Requests to Wall Directory Watch.
[    5.865868] systemd[1]: Started Trigger resolvconf update for networkd DNS.
[[0;32m  OK  [0m] Started Trigger resolvconf update for networkd DNS.
[    5.875843] systemd[1]: Listening on Device-mapper event daemon FIFOs.
[[0;32m  OK  [0m] Listening on Device-mapper event daemon FIFOs.
[    5.895752] systemd[1]: Starting Monitoring of LVM2 mirrors, snapshots etc. using dmeventd or progress polling...
         Starting Monitoring of LVM2 mirrors... dmeventd or progress polling...
[    5.899267] systemd[1]: Reached target Swap.
[[0;32m  OK  [0m] Reached target Swap.
[    5.903858] systemd[1]: Starting Nameserver information manager...
         Starting Nameserver information manager...
[    5.912187] systemd[1]: Mounted POSIX Message Queue File System.
[[0;32m  OK  [0m] Mounted POSIX Message Queue File System.
[    5.913916] systemd[1]: Mounted Debug File System.
[[0;32m  OK  [0m] Mounted Debug File System.
[    5.915574] systemd[1]: Mounted Huge Pages File System.
[[0;32m  OK  [0m] Mounted Huge Pages File System.
[    5.917220] systemd[1]: Started Journal Service.
[[0;32m  OK  [0m] Started Journal Service.
[[0;32m  OK  [0m] Started Create list of required sta...ce nodes for the current kernel.
[[0;32m  OK  [0m] Started Set console keymap.
[[0;32m  OK  [0m] Started Remount Root and Kernel File Systems.
[[0;32m  OK  [0m] Started Uncomplicated firewall.
[[0;32m  OK  [0m] Started Load Kernel Modules.
[[0;32m  OK  [0m] Started Nameserver information manager.
[[0;32m  OK  [0m] Started LVM2 metadata daemon.
         Mounting FUSE Control File System...
         Starting Apply Kernel Variables...
         Starting udev Coldplug all Devices...
         Starting Load/Save Random Seed...
         Starting Create Static Device Nodes in /dev...
         Starting Flush Journal to Persistent Storage...
[[0;32m  OK  [0m] Mounted FUSE Control File System.
[[0;32m  OK  [0m] Started Apply Kernel Variables.
[[0;32m  OK  [0m] Started Load/Save Random Seed.
[[0;32m  OK  [0m] Started Create Static Device Nodes in /dev.
[[0;32m  OK  [0m] Started udev Coldplug all Devices.
[[0;32m  OK  [0m] Started Flush Journal to Persistent Storage.
         Starting udev Kernel Device Manager...
[[0;32m  OK  [0m] Started udev Kernel Device Manager.
[[0;32m  OK  [0m] Started Dispatch Password Requests to Console Directory Watch.
[[0;32m  OK  [0m] Found device /dev/ttyS0.
[[0;32m  OK  [0m] Listening on Load/Save RF Kill Switch Status /dev/rfkill Watch.
[[0;32m  OK  [0m] Started Monitoring of LVM2 mirrors,...ng dmeventd or progress polling.
[[0;32m  OK  [0m] Reached target Local File Systems (Pre).
[[0;32m  OK  [0m] Reached target Local File Systems.
         Starting Create Volatile Files and Directories...
         Starting Tell Plymouth To Write Out Runtime Data...
         Starting Set console font and keymap...
         Starting Commit a transient machine-id on disk...
         Starting Initial cloud-init job (pre-networking)...
         Starting LSB: AppArmor initialization...
[[0;32m  OK  [0m] Started Create Volatile Files and Directories.
[[0;32m  OK  [0m] Started Tell Plymouth To Write Out Runtime Data.
[[0;32m  OK  [0m] Started Commit a transient machine-id on disk.
         Starting Update UTMP about System Boot/Shutdown...
[[0;32m  OK  [0m] Started Update UTMP about System Boot/Shutdown.
[[0;32m  OK  [0m] Started Set console font and keymap.
[[0;32m  OK  [0m] Created slice system-getty.slice.
[    7.207416] cloud-init[622]: Cloud-init v. 19.2-36-g059d049c-0ubuntu1~16.04.1 running 'init-local' at Fri, 11 Oct 2019 09:37:52 +0000. Up 6.91 seconds.
[[0;32m  OK  [0m] Started LSB: AppArmor initialization.
[[0;32m  OK  [0m] Started Initial cloud-init job (pre-networking).
[[0;32m  OK  [0m] Reached target Network (Pre).
         Starting Raise network interfaces...
[[0;32m  OK  [0m] Started Raise network interfaces.
[[0;32m  OK  [0m] Reached target Network.
         Starting Initial cloud-init job (metadata service crawler)...
[    8.069169] cloud-init[947]: Cloud-init v. 19.2-36-g059d049c-0ubuntu1~16.04.1 running 'init' at Fri, 11 Oct 2019 09:37:53 +0000. Up 7.64 seconds.
[    8.084364] cloud-init[947]: ci-info: +++++++++++++++++++++++++++++++++++++Net device info++++++++++++++++++++++++++++++++++++++
[    8.093149] cloud-init[947]: ci-info: +--------+------+---------------------------+---------------+--------+-------------------+
[    8.094419] cloud-init[947]: ci-info: | Device |  Up  |          Address          |      Mask     | Scope  |     Hw-Address    |
[    8.095594] cloud-init[947]: ci-info: +--------+------+---------------------------+---------------+--------+-------------------+
[    8.096922] cloud-init[947]: ci-info: | enp0s3 | True |         10.0.2.15         | 255.255.255.0 | global | 02:0e:9b:2d:5b:92 |
[    8.104844] cloud-init[947]: ci-info: | enp0s3 | True | fe80::e:9bff:fe2d:5b92/64 |       .       |  link  | 02:0e:9b:2d:5b:92 |
[    8.116505] [[0;32m  OK  [0m] Started Initial cloud-init job (metadata service crawler).
cloud-init[947]: ci-info: |   lo   | True |         127.0.0.1         |   255.0.0.0   |  host  |         .         |
[    8.124697] [[0;32m  OK  [0m] Reached target System Initialization.
cloud-init[947]: ci-info: |   lo   | True |          ::1/128          |       .       |  host  |         .         |
[    8.132730]          Starting LXD - unix socket.
         Starting Socket activation for snappy daemon.
cloud-init[[947]: [0;32m  OK  [0mci-info: +--------+------+---------------------------+---------------+--------+-------------------+] 
Listening on ACPID Listen Socket.
[    8.133567] cloud-init[947]: ci-info: +++++++++++++++++++++++++++Route IPv4 info++++++++++++++++++++++++++++
[    8.136535] [[0;32m  OK  [0m] Started ACPI Events Check.
[[0;32m  OK  [0m] Reached target Paths.
[[0;32m  OK  [0m] Started Daily Cleanup of Temporary Directories.
[[0;32m  OK  [0m] Started Daily apt download activities.
[[0;32m  OK  [0m] Started Daily apt upgrade and clean activities.
[[0;32m  OK  [0m] Reached target Timers.
[[0;32m  OK  [0m] Listening on UUID daemon activation socket.
[[0;32m  OK  [0m] Listening on D-Bus System Message Bus Socket.
[[0;32m  OK  [0m] Reached target Cloud-config availability.
[[0;32m  OK  [0m] Reached target Network is Online.
cloud-init[947]: ci-info: +-------+-------------+----------+---------------+-----------+-------+
[    8.141990] cloud-init[947]: ci-info: | Route | Destination | Gateway  |    Genmask    | Interface | Flags |
[    8.143186] cloud-init[947]: ci-info: +-------+-------------+----------+---------------+-----------+-------+
[    8.144444] cloud-init[947]: ci-info: |   0   |   0.0.0.0   | 10.0.2.2 |    0.0.0.0    |   enp0s3  |   UG  |
[    8.145623] cloud-init[947]: ci-info: |   1   |   10.0.2.0  | 0.0.0.0  | 255.255.255.0 |   enp0s3  |   U   |
[    8.146753] cloud-init[947]: ci-info: +-------+-------------+----------+---------------+-----------+-------+
[    8.147885] cloud-init[947]: ci-info: +++++++++++++++++++Route IPv6 info+++++++++++++++++++
[    8.148932] cloud-init[947]: ci-info: +-------+-------------+---------+-----------+-------+
[    8.149967] cloud-init[947]: ci-info: | Route | Destination | Gateway | Interface | Flags |
[    8.150991] cloud-init[947]: ci-info: +-------+-------------+---------+-----------+-------+
[    8.152019] cloud-init[947]: ci-info: |   0   |  fe80::/64  |    ::   |   enp0s3  |   U   |
[    8.153172] cloud-init[947]: ci-info: |   3   |   ff00::/8  |    ::   |   enp0s3  |   U   |
[    8.154188] cloud-init[947]: ci-info: +-------+-------------+---------+-----------+-------+
         Starting iSCSI initiator daemon (iscsid)...
[[0;32m  OK  [0m] Listening on LXD - unix socket.
[[0;32m  OK  [0m] Listening on Socket activation for snappy daemon.
[[0;32m  OK  [0m] Reached target Sockets.
[[0;32m  OK  [0m] Reached target Basic System.
         Starting /etc/rc.local Compatibility...
[    8.158112]          Starting Login Service...
cloud-init[947]: Generating public/private rsa key pair.
[[0;32m  OK  [0m] Started Deferred execution scheduler.
[    8.163138]          Starting LSB: MD monitoring daemon...
         Starting Pollinate to seed the pseudo random number generator...
         Starting Virtualbox guest utils...
         Starting LSB: Record successful boot for GRUB...
         Starting Accounts Service...
         Starting System Logging Service...
         Starting LXD - container startup/shutdown...
[[0;32m  OK  [0m] Started Regular background program processing daemon.
[[0;32m  OK  [0m] Started D-Bus System Message Bus.
cloud-init[947]: Your identification has been saved in /etc/ssh/ssh_host_rsa_key.
[    8.187113] cloud-init[947]: Your public key has been saved in /etc/ssh/ssh_host_rsa_key.pub.
[    8.189153] cloud-init[947]: The key fingerprint is:
[    8.190081] cloud-init[947]: SHA256:i10l3tw6xVwKfLv2FkqU+wMmCKnHYhVdf8Eac1fMwUE root@ubuntu-xenial
[    8.191557] cloud-init[947]: The key's randomart image is:
[    8.202225] cloud-init[947]: +---[RSA 2048]----+
[    8.203277] cloud-init[947]: |        . ..  +E=|
[    8.210369] cloud-init[947]: |       . . ..o +=|
[    8.211834] cloud-init[947]: |        o . +.B.o|
[    8.212957] cloud-init[947]: |       + . = X.+ |
[    8.214356] cloud-init[947]: |      + S + + O  |
[    8.215554] cloud-init[947]: |     + = + . B o |
[    8.216784] cloud-init[947]: |    . + o   * * .|
[    8.217872] cloud-init[947]: |             + +.|
[    8.218908] cloud-init[947]: |               .o|
[    8.220139] cloud-init[947]: +----[SHA256]-----+
[    8.221260] cloud-init[947]: Generating public/private dsa key pair.
[    8.222551] cloud-init[947]: Your identification has been saved in /etc/ssh/ssh_host_dsa_key.
[    8.224114] cloud-init[947]: Your public key has been saved in /etc/ssh/ssh_host_dsa_key.pub.
[    8.226822] cloud-init[947]: The key fingerprint is:
[    8.228095] cloud-init[947]: SHA256:ZUldz0lxynXZ9s1LOAZbjKgN3tRBYnpMsV0Ln4yKrmU root@ubuntu-xenial
[    8.229461] cloud-init[947]: The key's randomart image is:
[    8.230468] cloud-init[947]: +---[DSA 1024]----+
[    8.231436] cloud-init[947]: |         =*=+o.oB|
[    8.232425] cloud-init[947]: |       .=++=B++**|
[    8.233399] cloud-init[947]: |      ..*++o+=++=|
[    8.234429] cloud-init[947]: |       oo=.. + .+|
[    8.235674] cloud-init[947]: |       .S.  . o .|
[    8.236672] cloud-init[947]: |      .        . |
[    8.237785] cloud-init[947]: |       E         |
[    8.238898] cloud-init[947]: |      +          |
[    8.240003] cloud-init[947]: |     .           |
[    8.241019] cloud-init[947]: +----[SHA256]-----+
[    8.242213] cloud-init[947]: Generating public/private ecdsa key pair.
[    8.243396] cloud-init[947]: Your identification has been saved in /etc/ssh/ssh_host_ecdsa_key.[[0;32m  OK  [0m] Started ACPI event daemon.

[    8.245313]          Starting Snappy daemon...
cloud-init[[0;32m  OK  [0m] Started FUSE filesystem for LXC.
[[0;32m  OK  [0m] Started System Logging Service.
[[0;32m  OK  [0m] Started /etc/rc.local Compatibility.
[947]: Your public key has been saved in /etc/ssh/ssh_host_ecdsa_key.pub.
[    8.251052] cloud-init[947]: The key fingerprint is:
[    8.252347] cloud-init[947]: SHA256:7tQFk2rv6es/ZD3orhpjg/GkwnP0zhdjMz0deYyBlFE root@ubuntu-xenial
[    8.253521] cloud-init[947]: The key's randomart image is:
[    8.254416] cloud-init[947]: +---[ECDSA 256]---+
[    8.255180] cloud-init[947]: |           .o=E  |
[    8.257464] cloud-init[947]: |           .o .  |
[    8.259551] cloud-init[947]: |          +    = |
[    8.267677] cloud-init[947]: |         . o  + o|
[    8.268847] cloud-init[947]: |      o S  ..+ o |
[[0;32m  OK  [0m] Started iSCSI initiator daemon (iscsid).
[    8.270315] cloud-init[947]: |   . . X o*.* +  |
[    8.274011] cloud-init[947]: |    + + X.oO . . |
[    8.275269] cloud-init[947]: |     + * =..o    |
[    8.276636] cloud-init[947]: |        ==B=o.   |
[    8.277841] cloud-init[947]: +----[SHA256]-----+
[    8.281891] cloud-init[947]: Generating public/private ed25519 key pair.
[    8.283283] cloud-init[947]: Your identification has been saved in /etc/ssh/ssh_host_ed25519_key.
[    8.284846] cloud-init[947]: Your public key has been saved in /etc/ssh/ssh_host_ed25519_key.pub.
[    8.286648] cloud-init[947]: The key fingerprint is:
[    8.292392] cloud-init[947]: SHA256:SjLJUj7nCQrApz7sqCC/oKV/1l4Gg8P7L2nGRLA/ioY root@ubuntu-xenial
[    8.296547] cloud-init[947]: The key's randomart image is:
[    8.297631] cloud-init[947]: +--[ED25519 256]--+
[    8.306905] cloud-init[947]: |                 |
[    8.307919] cloud-init[947]: |.   .            |
[    8.310809] cloud-init[947]: |.. ..o           |
[    8.312361] cloud-init[947]: |. o=.o.          |
[    8.315110] cloud-init[947]: |... %o= S        |
[[0;32m  OK  [0m] Started LSB: MD monitoring daemon.
[[0;32m  OK  [0m] Started LSB: Record successful boot for GRUB.
[    8.316480] cloud-init[947]: |o. o @+=         |
[    8.323784] cloud-init[947]: |+=o..=+oo        |
[    8.324667] cloud-init[947]: |E=+ +.Bo         |
[    8.325712] cloud-init[947]: |*+++ +oo.        |
[    8.326541] cloud-init[947]: +----[SHA256]-----+
[[0;32m  OK  [0m] Started Login Service.
[[0;32m  OK  [0m] Started Unattended Upgrades Shutdown.
         Starting Authenticate and Authorize Users to Run Privileged Tasks...
         Starting Login to default iSCSI targets...
[[0;32m  OK  [0m] Started LXD - container startup/shutdown.
[[0;32m  OK  [0m] Started Authenticate and Authorize Users to Run Privileged Tasks.
[[0;32m  OK  [0m] Started Login to default iSCSI targets.
[[0;32m  OK  [0m] Started Accounts Service.
[[0;32m  OK  [0m] Reached target Remote File Systems (Pre).
[[0;32m  OK  [0m] Reached target Remote File Systems.
         Starting LSB: Set the CPU Frequency Scaling governor to "ondemand"...
         Starting LSB: daemon to balance interrupts for SMP systems...
         Starting LSB: automatic crash report generation...
         Starting Permit User Sessions...
[[0;32m  OK  [0m] Started Virtualbox guest utils.
[[0;32m  OK  [0m] Started Permit User Sessions.
[[0;32m  OK  [0m] Started LSB: Set the CPU Frequency Scaling governor to "ondemand".
         Starting Terminate Plymouth Boot Screen...
         Starting Hold until boot process finishes up...
[[0;32m  OK  [0m] Started Hold until boot process finishes up.
[[0;32m  OK  [0m] Started LSB: automatic crash report generation.
[[0;32m  OK  [0m] Started LSB: daemon to balance interrupts for SMP systems.
[[0;32m  OK  [0m] Started Terminate Plymouth Boot Screen.
         Starting Set console scheme...
[[0;32m  OK  [0m] Started Serial Getty on ttyS0.
[[0;32m  OK  [0m] Started Getty on tty1.
[[0;32m  OK  [0m] Reached target Login Prompts.
[[0;32m  OK  [0m] Started Set console scheme.
[[0;32m  OK  [0m] Started Pollinate to seed the pseudo random number generator.
         Starting OpenBSD Secure Shell server...
[[0;32m  OK  [0m] Started OpenBSD Secure Shell server.
[[0;32m  OK  [0m] Started Snappy daemon.
         Starting Wait until snapd is fully seeded...
[[0;32m  OK  [0m] Started Wait until snapd is fully seeded.
         Starting Apply the settings specified in cloud-config...
[[0;32m  OK  [0m] Reached target Multi-User System.
[[0;32m  OK  [0m] Reached target Graphical Interface.
         Starting Update UTMP about System Runlevel Changes...
[[0;32m  OK  [0m] Started Update UTMP about System Runlevel Changes.
[    9.952032] cloud-init[1313]: Generating locales (this might take a while)...
[   10.542928] cloud-init[1313]:   en_US.UTF-8... done
[   10.543917] cloud-init[1313]: Generation complete.
[   10.734390] cloud-init[1313]: Cloud-init v. 19.2-36-g059d049c-0ubuntu1~16.04.1 running 'modules:config' at Fri, 11 Oct 2019 09:37:55 +0000. Up 9.89 seconds.
[[0;32m  OK  [0m] Started Apply the settings specified in cloud-config.
         Starting Execute cloud user/final scripts...
ci-info: no authorized ssh keys fingerprints found for user ubuntu.
<14>Oct 11 09:37:56 ec2: 
<14>Oct 11 09:37:56 ec2: #############################################################
<14>Oct 11 09:37:56 ec2: -----BEGIN SSH HOST KEY FINGERPRINTS-----
<14>Oct 11 09:37:56 ec2: 1024 SHA256:ZUldz0lxynXZ9s1LOAZbjKgN3tRBYnpMsV0Ln4yKrmU root@ubuntu-xenial (DSA)
<14>Oct 11 09:37:56 ec2: 256 SHA256:7tQFk2rv6es/ZD3orhpjg/GkwnP0zhdjMz0deYyBlFE root@ubuntu-xenial (ECDSA)
<14>Oct 11 09:37:56 ec2: 256 SHA256:SjLJUj7nCQrApz7sqCC/oKV/1l4Gg8P7L2nGRLA/ioY root@ubuntu-xenial (ED25519)
<14>Oct 11 09:37:56 ec2: 2048 SHA256:i10l3tw6xVwKfLv2FkqU+wMmCKnHYhVdf8Eac1fMwUE root@ubuntu-xenial (RSA)
<14>Oct 11 09:37:56 ec2: -----END SSH HOST KEY FINGERPRINTS-----
<14>Oct 11 09:37:56 ec2: #############################################################
-----BEGIN SSH HOST KEY KEYS-----
ecdsa-sha2-nistp256 AAAAE2VjZHNhLXNoYTItbmlzdHAyNTYAAAAIbmlzdHAyNTYAAABBBA0v3N5IS1yGMEVlu8bJspAUwjWLrP4nXKtgV4yltxVVFXuGd+cx+RpLdYdZrWmqv6roXTmDRUPl8Sy7kKlTPy8= root@ubuntu-xenial
ssh-ed25519 AAAAC3NzaC1lZDI1NTE5AAAAIHi/q+edZAlhsAwqAabE6iqBrSI/sW4nd4oXvmaclIv7 root@ubuntu-xenial
ssh-rsa AAAAB3NzaC1yc2EAAAADAQABAAABAQC53uG8cwQibsDsilvYwit5nBHmNx/8Tzgb8c6DJ8dGUwJHJ7RWr4ngOvfo81VTNKt/o2gpdWILRRrO7iC812aAGvWXpfTYGBWUiUIA4gMZA6dJpu3UI66V32v8XJ9sqSYrwKR7vYzglCghFvHuBBkqt+6NoXtQz5D3j2HHWPynrp5HnRG1I+aHqYyMfW5GvN1TswZc70xBmx75nNWiLo+46vMb+jRqWiI3S9ELE9kHrH4k8d6P5tTg4mp2Bq4q52RyRCBgpDqYlRBjkips0fHDICFFgulVsiqtUjFt9quOFQR/fBNjm0scR6m+dL0msuyF7C3GyitauBho1s+OY86n root@ubuntu-xenial
-----END SSH HOST KEY KEYS-----
[   11.070477] cloud-init[1354]: Cloud-init v. 19.2-36-g059d049c-0ubuntu1~16.04.1 running 'modules:final' at Fri, 11 Oct 2019 09:37:56 +0000. Up 10.96 seconds.
[   11.076326] cloud-init[1354]: ci-info: no authorized ssh keys fingerprints found for user ubuntu.
[   11.084633] cloud-init[1354]: Cloud-init v. 19.2-36-g059d049c-0ubuntu1~16.04.1 finished at Fri, 11 Oct 2019 09:37:56 +0000. Datasource DataSourceNoCloud [seed=/dev/sdb][dsmode=net].  Up 11.06 seconds
[[0;32m  OK  [0m] Started Execute cloud user/final scripts.
[[0;32m  OK  [0m] Reached target Cloud-init target.

Ubuntu 16.04.6 LTS ubuntu-xenial ttyS0

ubuntu-xenial login: 